// Jest Snapshot v1, https://goo.gl/fbAQLP

exports[`MovieItem component should be render correctly 1`] = `
<div>
  <img
    src="https://image.tmdb.org/t/p/w500/ln6d5Okr6VK5vfQVobJTiYxeD0l.jpg"
  />
  <div>
    <span>
      Jurassic World: Fallen Kingdom
    </span>
    <span>
      2018
    </span>
  </div>
  <div>
    Action
  </div>
</div>
`;
