// Jest Snapshot v1, https://goo.gl/fbAQLP

exports[`Search component should be render correctly 1`] = `
<Fragment>
  <div>
    <div />
    <Header />
    <div>
      <h1>
        FIND YOUR MOVIE
      </h1>
      <SearchForm
        submitForm={[Function]}
      />
      <Radiobuttons
        change={[Function]}
        list={
          Array [
            Object {
              "key": "key 1",
              "title": "title 1",
            },
            Object {
              "key": "key 2",
              "title": "title 2",
            },
          ]
        }
        title="Radio title"
      />
    </div>
  </div>
  <Westside>
    <div />
    <Radiobuttons
      change={[Function]}
      list={
        Array [
          Object {
            "key": "key 1",
            "title": "title 1",
          },
          Object {
            "key": "key 2",
            "title": "title 2",
          },
        ]
      }
      title="Radio title"
    />
  </Westside>
</Fragment>
`;
