// Jest Snapshot v1, https://goo.gl/fbAQLP

exports[`MovieList component should be render correctly 1`] = `
<div>
  <div>
    <Movie
      data={
        Object {
          "budget": 0,
          "genres": Array [
            "Action",
            "Adventure",
            "Drama",
            "Science Fiction",
            "Thriller",
          ],
          "id": 351286,
          "overview": "A volcanic eruption threatens",
          "poster_path": "https://image.tmdb.org/t/p/w500/ln6d5Okr6VK5vfQVobJTiYxeD0l.jpg",
          "release_date": "2018-06-01",
          "revenue": 0,
          "runtime": null,
          "tagline": "Life finds a way",
          "title": "Jurassic World: Fallen Kingdom",
          "vote_average": 0,
          "vote_count": 28,
        }
      }
      key="351286"
    />
    <Movie
      data={
        Object {
          "budget": 0,
          "genres": Array [
            "Action",
            "Adventure",
            "Drama",
            "Science Fiction",
            "Thriller",
          ],
          "id": 351286,
          "overview": "A volcanic eruption threatens",
          "poster_path": "https://image.tmdb.org/t/p/w500/ln6d5Okr6VK5vfQVobJTiYxeD0l.jpg",
          "release_date": "2018-06-01",
          "revenue": 0,
          "runtime": null,
          "tagline": "Life finds a way",
          "title": "Jurassic World: Fallen Kingdom",
          "vote_average": 0,
          "vote_count": 28,
        }
      }
      key="351286"
    />
    <Movie
      data={
        Object {
          "budget": 0,
          "genres": Array [
            "Action",
            "Adventure",
            "Drama",
            "Science Fiction",
            "Thriller",
          ],
          "id": 351286,
          "overview": "A volcanic eruption threatens",
          "poster_path": "https://image.tmdb.org/t/p/w500/ln6d5Okr6VK5vfQVobJTiYxeD0l.jpg",
          "release_date": "2018-06-01",
          "revenue": 0,
          "runtime": null,
          "tagline": "Life finds a way",
          "title": "Jurassic World: Fallen Kingdom",
          "vote_average": 0,
          "vote_count": 28,
        }
      }
      key="351286"
    />
    <Movie
      data={
        Object {
          "budget": 0,
          "genres": Array [
            "Action",
            "Adventure",
            "Drama",
            "Science Fiction",
            "Thriller",
          ],
          "id": 351286,
          "overview": "A volcanic eruption threatens",
          "poster_path": "https://image.tmdb.org/t/p/w500/ln6d5Okr6VK5vfQVobJTiYxeD0l.jpg",
          "release_date": "2018-06-01",
          "revenue": 0,
          "runtime": null,
          "tagline": "Life finds a way",
          "title": "Jurassic World: Fallen Kingdom",
          "vote_average": 0,
          "vote_count": 28,
        }
      }
      key="351286"
    />
    <Movie
      data={
        Object {
          "budget": 0,
          "genres": Array [
            "Action",
            "Adventure",
            "Drama",
            "Science Fiction",
            "Thriller",
          ],
          "id": 351286,
          "overview": "A volcanic eruption threatens",
          "poster_path": "https://image.tmdb.org/t/p/w500/ln6d5Okr6VK5vfQVobJTiYxeD0l.jpg",
          "release_date": "2018-06-01",
          "revenue": 0,
          "runtime": null,
          "tagline": "Life finds a way",
          "title": "Jurassic World: Fallen Kingdom",
          "vote_average": 0,
          "vote_count": 28,
        }
      }
      key="351286"
    />
    <Movie
      data={
        Object {
          "budget": 0,
          "genres": Array [
            "Action",
            "Adventure",
            "Drama",
            "Science Fiction",
            "Thriller",
          ],
          "id": 351286,
          "overview": "A volcanic eruption threatens",
          "poster_path": "https://image.tmdb.org/t/p/w500/ln6d5Okr6VK5vfQVobJTiYxeD0l.jpg",
          "release_date": "2018-06-01",
          "revenue": 0,
          "runtime": null,
          "tagline": "Life finds a way",
          "title": "Jurassic World: Fallen Kingdom",
          "vote_average": 0,
          "vote_count": 28,
        }
      }
      key="351286"
    />
  </div>
</div>
`;

exports[`MovieList component should be render correctly with no films 1`] = `
<div>
  <div>
    No films found
  </div>
</div>
`;
